// Jest Snapshot v1, https://goo.gl/fbAQLP

exports[`should render an instance of ExpenseListItem 1`] = `
<div>
  <h3>
    <Link
      replace={false}
      to="/edit/2"
    >
       
      Rent
    </Link>
  </h3>
  <h5>
    10000
     - 
    -345600000
  </h5>
</div>
`;
